// Vitest Snapshot v1, https://vitest.dev/guide/snapshot.html

exports[`Kusama & Shiden > 001: Kusama transfer KSM to Shiden > 001: kusama event 1`] = `
[
  {
    "data": {
      "outcome": {
        "Complete": {
          "used": {
            "proofSize": "(rounded 6200)",
            "refTime": "(rounded 360000000)",
          },
        },
      },
    },
    "method": "Attempted",
    "section": "xcmPallet",
  },
  {
    "data": {
      "fees": [
        {
          "fun": {
            "Fungible": "(rounded 1300000000)",
          },
          "id": {
            "interior": "Here",
            "parents": 0,
          },
        },
      ],
      "paying": {
        "interior": {
          "X1": [
            {
              "AccountId32": {
                "id": "(hash)",
                "network": "Kusama",
              },
            },
          ],
        },
        "parents": 0,
      },
    },
    "method": "FeesPaid",
    "section": "xcmPallet",
  },
  {
    "data": {
      "destination": {
        "interior": {
          "X1": [
            {
              "Parachain": "(rounded 2000)",
            },
          ],
        },
        "parents": 0,
      },
      "message": [
        {
          "ReserveAssetDeposited": [
            {
              "fun": {
                "Fungible": 1000000000000,
              },
              "id": {
                "interior": "Here",
                "parents": 1,
              },
            },
          ],
        },
        "ClearOrigin",
        {
          "BuyExecution": {
            "fees": {
              "fun": {
                "Fungible": 1000000000000,
              },
              "id": {
                "interior": "Here",
                "parents": 1,
              },
            },
            "weightLimit": "Unlimited",
          },
        },
        {
          "DepositAsset": {
            "assets": {
              "Wild": {
                "AllCounted": 1,
              },
            },
            "beneficiary": {
              "interior": {
                "X1": [
                  {
                    "AccountId32": {
                      "id": "(hash)",
                      "network": null,
                    },
                  },
                ],
              },
              "parents": 0,
            },
          },
        },
      ],
      "messageId": "(hash)",
      "origin": {
        "interior": {
          "X1": [
            {
              "AccountId32": {
                "id": "(hash)",
                "network": "Kusama",
              },
            },
          ],
        },
        "parents": 0,
      },
    },
    "method": "Sent",
    "section": "xcmPallet",
  },
]
`;

exports[`Kusama & Shiden > 001: Kusama transfer KSM to Shiden > 003: shiden event 1`] = `
[
  {
    "data": {
      "count": 1,
    },
    "method": "DownwardMessagesReceived",
    "section": "parachainSystem",
  },
  {
    "data": {
      "dmqHead": "(hash)",
      "weightUsed": {
        "proofSize": "(rounded 8000)",
        "refTime": "(rounded 530000000)",
      },
    },
    "method": "DownwardMessagesProcessed",
    "section": "parachainSystem",
  },
  {
    "data": {
      "id": "(hash)",
      "origin": "Parent",
      "success": true,
      "weightUsed": {
        "proofSize": "(rounded 9300)",
        "refTime": "(rounded 900000000)",
      },
    },
    "method": "Processed",
    "section": "messageQueue",
  },
]
`;

exports[`Kusama & Shiden > 002: Shiden transfer DOT to Kusama > 001: shiden event 1`] = `
[
  {
    "data": {
      "messageHash": "(hash)",
    },
    "method": "UpwardMessageSent",
    "section": "parachainSystem",
  },
]
`;

exports[`Kusama & Shiden > 002: Shiden transfer DOT to Kusama > 002: kusama event 1`] = `
[
  {
    "data": {
      "id": "(hash)",
      "origin": {
        "Ump": {
          "Para": "(rounded 2000)",
        },
      },
      "success": true,
      "weightUsed": {
        "proofSize": "(rounded 7200)",
        "refTime": "(rounded 360000000)",
      },
    },
    "method": "Processed",
    "section": "messageQueue",
  },
]
`;
